
kernel.elf:     file format elf32-i386
kernel.elf
architecture: i386, flags 0x00000102:
EXEC_P, D_PAGED
start address 0x00009000

Program Header:
    LOAD off    0x00001000 vaddr 0x00009000 paddr 0x00009000 align 2**12
         filesz 0x00000134 memsz 0x00000134 flags r-x
    LOAD off    0x00001140 vaddr 0x0000a140 paddr 0x0000a140 align 2**12
         filesz 0x00000054 memsz 0x00000154 flags rw-
   STACK off    0x00000000 vaddr 0x00000000 paddr 0x00000000 align 2**2
         filesz 0x00000000 memsz 0x00000000 flags rwx

Sections:
Idx Name          Size      VMA       LMA       File off  Algn
  0 .text         000000c1  00009000  00009000  00001000  2**4
                  CONTENTS, ALLOC, LOAD, READONLY, CODE
  1 .rodata       0000001a  000090c1  000090c1  000010c1  2**0
                  CONTENTS, ALLOC, LOAD, READONLY, DATA
  2 .eh_frame     00000058  000090dc  000090dc  000010dc  2**2
                  CONTENTS, ALLOC, LOAD, READONLY, DATA
  3 .data         00000054  0000a140  0000a140  00001140  2**5
                  CONTENTS, ALLOC, LOAD, DATA
  4 .bss          00000100  0000a194  0000a194  00001194  2**2
                  ALLOC
  5 .comment      00000011  00000000  00000000  00001194  2**0
                  CONTENTS, READONLY
SYMBOL TABLE:
no symbols



Disassembly of section .text:

00009000 <.text>:
    9000:	e8 af 00 00 00       	call   0x90b4
    9005:	66 a1 90 a1 00 00    	mov    0xa190,%ax
    900b:	8e e8                	mov    %eax,%gs
    900d:	66 a1 8c a1 00 00    	mov    0xa18c,%ax
    9013:	8e d8                	mov    %eax,%ds
    9015:	8e d0                	mov    %eax,%ss
    9017:	8e c0                	mov    %eax,%es
    9019:	8e e0                	mov    %eax,%fs
    901b:	ea 22 90 00 00 08 00 	ljmp   $0x8,$0x9022
    9022:	bc 94 a2 00 00       	mov    $0xa294,%esp
    9027:	ff 35 44 a1 00 00    	pushl  0xa144
    902d:	ff 35 40 a1 00 00    	pushl  0xa140
    9033:	e8 44 00 00 00       	call   0x907c
    9038:	83 c4 08             	add    $0x8,%esp
    903b:	f4                   	hlt    
    903c:	55                   	push   %ebp
    903d:	89 e5                	mov    %esp,%ebp
    903f:	8b 75 08             	mov    0x8(%ebp),%esi
    9042:	8b 3d 48 a1 00 00    	mov    0xa148,%edi
    9048:	b4 0f                	mov    $0xf,%ah
    904a:	ac                   	lods   %ds:(%esi),%al
    904b:	84 c0                	test   %al,%al
    904d:	74 23                	je     0x9072
    904f:	3c 0a                	cmp    $0xa,%al
    9051:	75 16                	jne    0x9069
    9053:	50                   	push   %eax
    9054:	89 f8                	mov    %edi,%eax
    9056:	b3 a0                	mov    $0xa0,%bl
    9058:	f6 f3                	div    %bl
    905a:	25 ff 00 00 00       	and    $0xff,%eax
    905f:	40                   	inc    %eax
    9060:	b3 a0                	mov    $0xa0,%bl
    9062:	f6 e3                	mul    %bl
    9064:	89 c7                	mov    %eax,%edi
    9066:	58                   	pop    %eax
    9067:	eb e1                	jmp    0x904a
    9069:	65 66 89 07          	mov    %ax,%gs:(%edi)
    906d:	83 c7 02             	add    $0x2,%edi
    9070:	eb d8                	jmp    0x904a
    9072:	89 3d 48 a1 00 00    	mov    %edi,0xa148
    9078:	5d                   	pop    %ebp
    9079:	c3                   	ret    
    907a:	90                   	nop
    907b:	90                   	nop
    907c:	55                   	push   %ebp
    907d:	89 e5                	mov    %esp,%ebp
    907f:	83 ec 08             	sub    $0x8,%esp
    9082:	8b 45 08             	mov    0x8(%ebp),%eax
    9085:	3b 45 0c             	cmp    0xc(%ebp),%eax
    9088:	7c 12                	jl     0x909c
    908a:	83 ec 0c             	sub    $0xc,%esp
    908d:	68 c1 90 00 00       	push   $0x90c1
    9092:	e8 a5 ff ff ff       	call   0x903c
    9097:	83 c4 10             	add    $0x10,%esp
    909a:	eb 10                	jmp    0x90ac
    909c:	83 ec 0c             	sub    $0xc,%esp
    909f:	68 ce 90 00 00       	push   $0x90ce
    90a4:	e8 93 ff ff ff       	call   0x903c
    90a9:	83 c4 10             	add    $0x10,%esp
    90ac:	b8 00 00 00 00       	mov    $0x0,%eax
    90b1:	c9                   	leave  
    90b2:	c3                   	ret    
    90b3:	90                   	nop
    90b4:	55                   	push   %ebp
    90b5:	89 e5                	mov    %esp,%ebp
    90b7:	0f 01 15 80 a1 00 00 	lgdtl  0xa180
    90be:	90                   	nop
    90bf:	5d                   	pop    %ebp
    90c0:	c3                   	ret    

Disassembly of section .rodata:

000090c1 <.rodata>:
    90c1:	74 68                	je     0x912b
    90c3:	65 20 31             	and    %dh,%gs:(%ecx)
    90c6:	73 74                	jae    0x913c
    90c8:	20 6f 6e             	and    %ch,0x6e(%edi)
    90cb:	65 0a 00             	or     %gs:(%eax),%al
    90ce:	74 68                	je     0x9138
    90d0:	65 20 32             	and    %dh,%gs:(%edx)
    90d3:	6e                   	outsb  %ds:(%esi),(%dx)
    90d4:	64 20 6f 6e          	and    %ch,%fs:0x6e(%edi)
    90d8:	65 0a 00             	or     %gs:(%eax),%al

Disassembly of section .eh_frame:

000090dc <.eh_frame>:
    90dc:	14 00                	adc    $0x0,%al
    90de:	00 00                	add    %al,(%eax)
    90e0:	00 00                	add    %al,(%eax)
    90e2:	00 00                	add    %al,(%eax)
    90e4:	01 7a 52             	add    %edi,0x52(%edx)
    90e7:	00 01                	add    %al,(%ecx)
    90e9:	7c 08                	jl     0x90f3
    90eb:	01 1b                	add    %ebx,(%ebx)
    90ed:	0c 04                	or     $0x4,%al
    90ef:	04 88                	add    $0x88,%al
    90f1:	01 00                	add    %eax,(%eax)
    90f3:	00 1c 00             	add    %bl,(%eax,%eax,1)
    90f6:	00 00                	add    %al,(%eax)
    90f8:	1c 00                	sbb    $0x0,%al
    90fa:	00 00                	add    %al,(%eax)
    90fc:	80 ff ff             	cmp    $0xff,%bh
    90ff:	ff 37                	pushl  (%edi)
    9101:	00 00                	add    %al,(%eax)
    9103:	00 00                	add    %al,(%eax)
    9105:	41                   	inc    %ecx
    9106:	0e                   	push   %cs
    9107:	08 85 02 42 0d 05    	or     %al,0x50d4202(%ebp)
    910d:	73 c5                	jae    0x90d4
    910f:	0c 04                	or     $0x4,%al
    9111:	04 00                	add    $0x0,%al
    9113:	00 1c 00             	add    %bl,(%eax,%eax,1)
    9116:	00 00                	add    %al,(%eax)
    9118:	3c 00                	cmp    $0x0,%al
    911a:	00 00                	add    %al,(%eax)
    911c:	98                   	cwtl   
    911d:	ff                   	(bad)  
    911e:	ff                   	(bad)  
    911f:	ff 0d 00 00 00 00    	decl   0x0
    9125:	41                   	inc    %ecx
    9126:	0e                   	push   %cs
    9127:	08 85 02 42 0d 05    	or     %al,0x50d4202(%ebp)
    912d:	49                   	dec    %ecx
    912e:	c5 0c 04             	lds    (%esp,%eax,1),%ecx
    9131:	04 00                	add    $0x0,%al
	...

Disassembly of section .data:

0000a140 <.data>:
    a140:	03 00                	add    (%eax),%eax
    a142:	00 00                	add    %al,(%eax)
    a144:	04 00                	add    $0x0,%al
	...
    a166:	00 00                	add    %al,(%eax)
    a168:	ff                   	(bad)  
    a169:	ff 00                	incl   (%eax)
    a16b:	00 00                	add    %al,(%eax)
    a16d:	9a df 00 ff ff 00 00 	lcall  $0x0,$0xffff00df
    a174:	00 92 df 00 ff ff    	add    %dl,-0xff21(%edx)
    a17a:	00 80 0b 92 10 00    	add    %al,0x10920b(%eax)
    a180:	80 00 60             	addb   $0x60,(%eax)
    a183:	a1 00 00 00 00       	mov    0x0,%eax
    a188:	08 00                	or     %al,(%eax)
    a18a:	00 00                	add    %al,(%eax)
    a18c:	10 00                	adc    %al,(%eax)
    a18e:	00 00                	add    %al,(%eax)
    a190:	18 00                	sbb    %al,(%eax)
	...

Disassembly of section .bss:

0000a194 <.bss>:
	...

Disassembly of section .comment:

00000000 <.comment>:
   0:	47                   	inc    %edi
   1:	43                   	inc    %ebx
   2:	43                   	inc    %ebx
   3:	3a 20                	cmp    (%eax),%ah
   5:	28 47 4e             	sub    %al,0x4e(%edi)
   8:	55                   	push   %ebp
   9:	29 20                	sub    %esp,(%eax)
   b:	35 2e 33 2e 30       	xor    $0x302e332e,%eax
	...
